// Jest Snapshot v1, https://goo.gl/fbAQLP

exports[`renders correctly 1`] = `
<View>
  <View>
    <Text>
       Error question
    </Text>
  </View>
</View>
`;
