// Jest Snapshot v1, https://goo.gl/fbAQLP

exports[`renders correctly 1`] = `
<View
  style={
    Array [
      Object {
        "flex": 1,
        "justifyContent": "center",
      },
      Object {
        "flexDirection": "row",
        "justifyContent": "space-around",
        "padding": 10,
      },
    ]
  }
>
  <ActivityIndicator
    color="#00ff00"
    size="large"
  />
</View>
`;
